{
  "version": "1.5.0",
  "plugins_used": [
    {
      "name": "ArtifactoryDetector"
    },
    {
      "name": "AWSKeyDetector"
    },
    {
      "name": "AzureStorageKeyDetector"
    },
    {
      "name": "Base64HighEntropyString",
      "limit": 4.5
    },
    {
      "name": "BasicAuthDetector"
    },
    {
      "name": "CloudantDetector"
    },
    {
      "name": "DiscordBotTokenDetector"
    },
    {
      "name": "GitHubTokenDetector"
    },
    {
      "name": "GitLabTokenDetector"
    },
    {
      "name": "HexHighEntropyString",
      "limit": 3.0
    },
    {
      "name": "IbmCloudIamDetector"
    },
    {
      "name": "IbmCosHmacDetector"
    },
    {
      "name": "IPPublicDetector"
    },
    {
      "name": "JwtTokenDetector"
    },
    {
      "name": "KeywordDetector",
      "keyword_exclude": ""
    },
    {
      "name": "MailchimpDetector"
    },
    {
      "name": "NpmDetector"
    },
    {
      "name": "OpenAIDetector"
    },
    {
      "name": "PrivateKeyDetector"
    },
    {
      "name": "PypiTokenDetector"
    },
    {
      "name": "SendGridDetector"
    },
    {
      "name": "SlackDetector"
    },
    {
      "name": "SoftlayerDetector"
    },
    {
      "name": "SquareOAuthDetector"
    },
    {
      "name": "StripeDetector"
    },
    {
      "name": "TelegramBotTokenDetector"
    },
    {
      "name": "TwilioKeyDetector"
    }
  ],
  "filters_used": [
    {
      "path": "detect_secrets.filters.allowlist.is_line_allowlisted"
    },
    {
      "path": "detect_secrets.filters.common.is_baseline_file",
      "filename": ".secrets.baseline"
    },
    {
      "path": "detect_secrets.filters.common.is_ignored_due_to_verification_policies",
      "min_level": 2
    },
    {
      "path": "detect_secrets.filters.heuristic.is_indirect_reference"
    },
    {
      "path": "detect_secrets.filters.heuristic.is_likely_id_string"
    },
    {
      "path": "detect_secrets.filters.heuristic.is_lock_file"
    },
    {
      "path": "detect_secrets.filters.heuristic.is_not_alphanumeric_string"
    },
    {
      "path": "detect_secrets.filters.heuristic.is_potential_uuid"
    },
    {
      "path": "detect_secrets.filters.heuristic.is_prefixed_with_dollar_sign"
    },
    {
      "path": "detect_secrets.filters.heuristic.is_sequential_string"
    },
    {
      "path": "detect_secrets.filters.heuristic.is_swagger_file"
    },
    {
      "path": "detect_secrets.filters.heuristic.is_templated_secret"
    }
  ],
  "results": {
    ".env.example": [
      {
        "type": "Basic Auth Credentials",
        "filename": ".env.example",
        "hashed_secret": "5baa61e4c9b93f3f0682250b6cf8331b7ee68fd8",
        "is_verified": false,
        "line_number": 13
      }
    ],
    "data_builder/recipes/core-2026.7.10.json": [
      {
        "type": "Hex High Entropy String",
        "filename": "data_builder/recipes/core-2026.7.10.json",
        "hashed_secret": "ab77003b1e540d7a9f165d2ff81a3f95ca68de0c",
        "is_verified": false,
        "line_number": 17
      },
      {
        "type": "Hex High Entropy String",
        "filename": "data_builder/recipes/core-2026.7.10.json",
        "hashed_secret": "f34a0aa4b98d878f5751615beadf2d70f235ffe2",
        "is_verified": false,
        "line_number": 38
      },
      {
        "type": "Hex High Entropy String",
        "filename": "data_builder/recipes/core-2026.7.10.json",
        "hashed_secret": "4a9cd67b47187382870bd13dd7a8be3b2207b793",
        "is_verified": false,
        "line_number": 54
      }
    ],
    "data_builder/releases/core-2026.7.10.json": [
      {
        "type": "Hex High Entropy String",
        "filename": "data_builder/releases/core-2026.7.10.json",
        "hashed_secret": "e0749df58dbc1bfc9cbf28a864efcfd8165e09d3",
        "is_verified": false,
        "line_number": 3
      },
      {
        "type": "Hex High Entropy String",
        "filename": "data_builder/releases/core-2026.7.10.json",
        "hashed_secret": "3af523bdcbfa5ffbf92602ffb3639d2711f6d2e2",
        "is_verified": false,
        "line_number": 8
      },
      {
        "type": "Hex High Entropy String",
        "filename": "data_builder/releases/core-2026.7.10.json",
        "hashed_secret": "35b25478a2a756cac423ffa52bd19770c462610e",
        "is_verified": false,
        "line_number": 9
      },
      {
        "type": "Hex High Entropy String",
        "filename": "data_builder/releases/core-2026.7.10.json",
        "hashed_secret": "4a9cd67b47187382870bd13dd7a8be3b2207b793",
        "is_verified": false,
        "line_number": 13
      },
      {
        "type": "Hex High Entropy String",
        "filename": "data_builder/releases/core-2026.7.10.json",
        "hashed_secret": "f34a0aa4b98d878f5751615beadf2d70f235ffe2",
        "is_verified": false,
        "line_number": 14
      }
    ],
    "deployments/kubernetes/ingress.yaml": [
      {
        "type": "Secret Keyword",
        "filename": "deployments/kubernetes/ingress.yaml",
        "hashed_secret": "7db889cd7edb066ca2f72cb53baed9a9d6946753",
        "is_verified": false,
        "line_number": 47
      }
    ],
    "deployments/kubernetes/mcp-server.yaml": [
      {
        "type": "Secret Keyword",
        "filename": "deployments/kubernetes/mcp-server.yaml",
        "hashed_secret": "d23ce0343035fc17621bbf1aab7983cfd83027f9",
        "is_verified": false,
        "line_number": 189
      }
    ],
    "deployments/kubernetes/secrets.yaml": [
      {
        "type": "Secret Keyword",
        "filename": "deployments/kubernetes/secrets.yaml",
        "hashed_secret": "52412da8d9105c291b744505c8d9dd27735fc100",
        "is_verified": false,
        "line_number": 14
      },
      {
        "type": "Basic Auth Credentials",
        "filename": "deployments/kubernetes/secrets.yaml",
        "hashed_secret": "5baa61e4c9b93f3f0682250b6cf8331b7ee68fd8",
        "is_verified": false,
        "line_number": 15
      },
      {
        "type": "Secret Keyword",
        "filename": "deployments/kubernetes/secrets.yaml",
        "hashed_secret": "754c74c8ccb0b7eadccdbdaff9d3c86e64522fdf",
        "is_verified": false,
        "line_number": 18
      },
      {
        "type": "Secret Keyword",
        "filename": "deployments/kubernetes/secrets.yaml",
        "hashed_secret": "65b46e0f1b06bbf38263641177064701a1fd37ec",
        "is_verified": false,
        "line_number": 22
      },
      {
        "type": "Secret Keyword",
        "filename": "deployments/kubernetes/secrets.yaml",
        "hashed_secret": "156eb91d952ebdb53d66e255a61831a78c10316f",
        "is_verified": false,
        "line_number": 23
      },
      {
        "type": "Secret Keyword",
        "filename": "deployments/kubernetes/secrets.yaml",
        "hashed_secret": "a4eee7611c3779b80b6f03cce4fe25f65f181792",
        "is_verified": false,
        "line_number": 24
      },
      {
        "type": "Secret Keyword",
        "filename": "deployments/kubernetes/secrets.yaml",
        "hashed_secret": "a2494e8c882bc3eebde4b583c5b3888afac4dcc4",
        "is_verified": false,
        "line_number": 25
      },
      {
        "type": "Secret Keyword",
        "filename": "deployments/kubernetes/secrets.yaml",
        "hashed_secret": "97a9f0bdb42061b56a95906eb514be6d2f4a2e5f",
        "is_verified": false,
        "line_number": 28
      }
    ],
    "docs/release/capabilities.json": [
      {
        "type": "Hex High Entropy String",
        "filename": "docs/release/capabilities.json",
        "hashed_secret": "e0749df58dbc1bfc9cbf28a864efcfd8165e09d3",
        "is_verified": false,
        "line_number": 3
      },
      {
        "type": "Hex High Entropy String",
        "filename": "docs/release/capabilities.json",
        "hashed_secret": "3af523bdcbfa5ffbf92602ffb3639d2711f6d2e2",
        "is_verified": false,
        "line_number": 7
      },
      {
        "type": "Hex High Entropy String",
        "filename": "docs/release/capabilities.json",
        "hashed_secret": "f34a0aa4b98d878f5751615beadf2d70f235ffe2",
        "is_verified": false,
        "line_number": 22
      },
      {
        "type": "Hex High Entropy String",
        "filename": "docs/release/capabilities.json",
        "hashed_secret": "4a9cd67b47187382870bd13dd7a8be3b2207b793",
        "is_verified": false,
        "line_number": 38
      }
    ],
    "internal/mcp/logging/client_audit_test.go": [
      {
        "type": "Hex High Entropy String",
        "filename": "internal/mcp/logging/client_audit_test.go",
        "hashed_secret": "90bd1b48e958257948487b90bee080ba5ed00caa",
        "is_verified": false,
        "line_number": 356
      }
    ],
    "internal/mcp/logging/mcp_logger_test.go": [
      {
        "type": "Hex High Entropy String",
        "filename": "internal/mcp/logging/mcp_logger_test.go",
        "hashed_secret": "90bd1b48e958257948487b90bee080ba5ed00caa",
        "is_verified": false,
        "line_number": 138
      }
    ],
    "internal/mcp/protocol/session.go": [
      {
        "type": "Secret Keyword",
        "filename": "internal/mcp/protocol/session.go",
        "hashed_secret": "44e17306b837162269a410204daaa5ecee4ec22c",
        "is_verified": false,
        "line_number": 205
      }
    ],
    "scripts/deployment/configure-transport.sh": [
      {
        "type": "Basic Auth Credentials",
        "filename": "scripts/deployment/configure-transport.sh",
        "hashed_secret": "5baa61e4c9b93f3f0682250b6cf8331b7ee68fd8",
        "is_verified": false,
        "line_number": 195
      },
      {
        "type": "Secret Keyword",
        "filename": "scripts/deployment/configure-transport.sh",
        "hashed_secret": "89a6cfe2a229151e8055abee107d45ed087bbb4f",
        "is_verified": false,
        "line_number": 197
      }
    ],
    "tests/deployment/validation-tests.sh": [
      {
        "type": "Basic Auth Credentials",
        "filename": "tests/deployment/validation-tests.sh",
        "hashed_secret": "d6205a90f9d8fadc2969a1cb5b36d3bd3a0e1c76",
        "is_verified": false,
        "line_number": 24
      },
      {
        "type": "Basic Auth Credentials",
        "filename": "tests/deployment/validation-tests.sh",
        "hashed_secret": "9d4e1e23bd5b727046a9e3b4b7db57bd8d6ee684",
        "is_verified": false,
        "line_number": 572
      }
    ],
    "tests/integration/data_builder/test_core_bundle_builder.py": [
      {
        "type": "Hex High Entropy String",
        "filename": "tests/integration/data_builder/test_core_bundle_builder.py",
        "hashed_secret": "f34a0aa4b98d878f5751615beadf2d70f235ffe2",
        "is_verified": false,
        "line_number": 259
      },
      {
        "type": "Hex High Entropy String",
        "filename": "tests/integration/data_builder/test_core_bundle_builder.py",
        "hashed_secret": "4a9cd67b47187382870bd13dd7a8be3b2207b793",
        "is_verified": false,
        "line_number": 265
      }
    ]
  },
  "generated_at": "2026-07-11T08:57:43Z"
}
