{
  "filters_used": [
    {
      "path": "detect_secrets.filters.allowlist.is_line_allowlisted"
    },
    {
      "filename": ".secrets.baseline",
      "path": "detect_secrets.filters.common.is_baseline_file"
    },
    {
      "min_level": 2,
      "path": "detect_secrets.filters.common.is_ignored_due_to_verification_policies"
    },
    {
      "path": "detect_secrets.filters.heuristic.is_indirect_reference"
    },
    {
      "path": "detect_secrets.filters.heuristic.is_likely_id_string"
    },
    {
      "path": "detect_secrets.filters.heuristic.is_lock_file"
    },
    {
      "path": "detect_secrets.filters.heuristic.is_not_alphanumeric_string"
    },
    {
      "path": "detect_secrets.filters.heuristic.is_potential_uuid"
    },
    {
      "path": "detect_secrets.filters.heuristic.is_prefixed_with_dollar_sign"
    },
    {
      "path": "detect_secrets.filters.heuristic.is_sequential_string"
    },
    {
      "path": "detect_secrets.filters.heuristic.is_swagger_file"
    },
    {
      "path": "detect_secrets.filters.heuristic.is_templated_secret"
    }
  ],
  "generated_at": "2026-07-11T08:57:43Z",
  "plugins_used": [
    {
      "name": "ArtifactoryDetector"
    },
    {
      "name": "AWSKeyDetector"
    },
    {
      "name": "AzureStorageKeyDetector"
    },
    {
      "limit": 4.5,
      "name": "Base64HighEntropyString"
    },
    {
      "name": "BasicAuthDetector"
    },
    {
      "name": "CloudantDetector"
    },
    {
      "name": "DiscordBotTokenDetector"
    },
    {
      "name": "GitHubTokenDetector"
    },
    {
      "name": "GitLabTokenDetector"
    },
    {
      "limit": 3.0,
      "name": "HexHighEntropyString"
    },
    {
      "name": "IbmCloudIamDetector"
    },
    {
      "name": "IbmCosHmacDetector"
    },
    {
      "name": "IPPublicDetector"
    },
    {
      "name": "JwtTokenDetector"
    },
    {
      "keyword_exclude": "",
      "name": "KeywordDetector"
    },
    {
      "name": "MailchimpDetector"
    },
    {
      "name": "NpmDetector"
    },
    {
      "name": "OpenAIDetector"
    },
    {
      "name": "PrivateKeyDetector"
    },
    {
      "name": "PypiTokenDetector"
    },
    {
      "name": "SendGridDetector"
    },
    {
      "name": "SlackDetector"
    },
    {
      "name": "SoftlayerDetector"
    },
    {
      "name": "SquareOAuthDetector"
    },
    {
      "name": "StripeDetector"
    },
    {
      "name": "TelegramBotTokenDetector"
    },
    {
      "name": "TwilioKeyDetector"
    }
  ],
  "results": {
    "data_builder/recipes/core-2026.7.10.json": [
      {
        "filename": "data_builder/recipes/core-2026.7.10.json",
        "hashed_secret": "ab77003b1e540d7a9f165d2ff81a3f95ca68de0c",
        "is_verified": false,
        "line_number": 17,
        "type": "Hex High Entropy String"
      },
      {
        "filename": "data_builder/recipes/core-2026.7.10.json",
        "hashed_secret": "f34a0aa4b98d878f5751615beadf2d70f235ffe2",
        "is_verified": false,
        "line_number": 38,
        "type": "Hex High Entropy String"
      },
      {
        "filename": "data_builder/recipes/core-2026.7.10.json",
        "hashed_secret": "4a9cd67b47187382870bd13dd7a8be3b2207b793",
        "is_verified": false,
        "line_number": 54,
        "type": "Hex High Entropy String"
      }
    ],
    "data_builder/releases/core-2026.7.10.json": [
      {
        "filename": "data_builder/releases/core-2026.7.10.json",
        "hashed_secret": "e0749df58dbc1bfc9cbf28a864efcfd8165e09d3",
        "is_verified": false,
        "line_number": 3,
        "type": "Hex High Entropy String"
      },
      {
        "filename": "data_builder/releases/core-2026.7.10.json",
        "hashed_secret": "3af523bdcbfa5ffbf92602ffb3639d2711f6d2e2",
        "is_verified": false,
        "line_number": 8,
        "type": "Hex High Entropy String"
      },
      {
        "filename": "data_builder/releases/core-2026.7.10.json",
        "hashed_secret": "35b25478a2a756cac423ffa52bd19770c462610e",
        "is_verified": false,
        "line_number": 9,
        "type": "Hex High Entropy String"
      },
      {
        "filename": "data_builder/releases/core-2026.7.10.json",
        "hashed_secret": "4a9cd67b47187382870bd13dd7a8be3b2207b793",
        "is_verified": false,
        "line_number": 13,
        "type": "Hex High Entropy String"
      },
      {
        "filename": "data_builder/releases/core-2026.7.10.json",
        "hashed_secret": "f34a0aa4b98d878f5751615beadf2d70f235ffe2",
        "is_verified": false,
        "line_number": 14,
        "type": "Hex High Entropy String"
      }
    ],
    "docs/release/capabilities.json": [
      {
        "filename": "docs/release/capabilities.json",
        "hashed_secret": "e0749df58dbc1bfc9cbf28a864efcfd8165e09d3",
        "is_verified": false,
        "line_number": 3,
        "type": "Hex High Entropy String"
      },
      {
        "filename": "docs/release/capabilities.json",
        "hashed_secret": "3af523bdcbfa5ffbf92602ffb3639d2711f6d2e2",
        "is_verified": false,
        "line_number": 7,
        "type": "Hex High Entropy String"
      },
      {
        "filename": "docs/release/capabilities.json",
        "hashed_secret": "f34a0aa4b98d878f5751615beadf2d70f235ffe2",
        "is_verified": false,
        "line_number": 22,
        "type": "Hex High Entropy String"
      },
      {
        "filename": "docs/release/capabilities.json",
        "hashed_secret": "4a9cd67b47187382870bd13dd7a8be3b2207b793",
        "is_verified": false,
        "line_number": 38,
        "type": "Hex High Entropy String"
      }
    ],
    "internal/mcp/logging/client_audit_test.go": [
      {
        "filename": "internal/mcp/logging/client_audit_test.go",
        "hashed_secret": "90bd1b48e958257948487b90bee080ba5ed00caa",
        "is_verified": false,
        "line_number": 356,
        "type": "Hex High Entropy String"
      }
    ],
    "internal/mcp/logging/mcp_logger_test.go": [
      {
        "filename": "internal/mcp/logging/mcp_logger_test.go",
        "hashed_secret": "90bd1b48e958257948487b90bee080ba5ed00caa",
        "is_verified": false,
        "line_number": 138,
        "type": "Hex High Entropy String"
      }
    ],
    "internal/mcp/protocol/session.go": [
      {
        "filename": "internal/mcp/protocol/session.go",
        "hashed_secret": "44e17306b837162269a410204daaa5ecee4ec22c",
        "is_verified": false,
        "line_number": 205,
        "type": "Secret Keyword"
      }
    ],
    "tests/integration/data_builder/test_core_bundle_builder.py": [
      {
        "filename": "tests/integration/data_builder/test_core_bundle_builder.py",
        "hashed_secret": "f34a0aa4b98d878f5751615beadf2d70f235ffe2",
        "is_verified": false,
        "line_number": 259,
        "type": "Hex High Entropy String"
      },
      {
        "filename": "tests/integration/data_builder/test_core_bundle_builder.py",
        "hashed_secret": "4a9cd67b47187382870bd13dd7a8be3b2207b793",
        "is_verified": false,
        "line_number": 265,
        "type": "Hex High Entropy String"
      }
    ]
  },
  "version": "1.5.0"
}
